[EDA@EDA2035 ~]$ export PATH=/opt/cadence/INNOVUS20.10/bin:$PATH && innovus -now
in -log /home/EDA/hipilot_test/sessions/ibex_rtl2gds_flow_test_20260224231623/ev
idence/innovus_main.log
C: unknown locale

Cadence Innovus(TM) Implementation System.
Copyright 2020 Cadence Design Systems, Inc. All rights reserved worldwide.

Version:        v20.10-p004_1, built Thu May 7 20:02:41 PDT 2020
Options:        -nowin -log /home/EDA/hipilot_test/sessions/ibex_rtl2gds_flow_te
st_20260224231623/evidence/innovus_main.log
Date:           Wed Feb 25 07:16:46 2026
Host:           EDA2035 (x86_64 w/Linux 3.10.0-1160.119.1.el7.x86_64) (3cores*6c
pus*Intel(R) Core(TM) i7-8559U CPU @ 2.70GHz 8192KB)
OS:             CentOS Linux release 7.9.2009 (Core)

License:
                invs    Innovus Implementation System   20.1    checkout succeed
ed
                8 CPU jobs allowed with the current license(s). Use setMultiCpuU
sage to set your required CPU count.
**WARN: (IMPOPT-801):   Genus executable not found in PATH. Install Genus, add t
he path to the genus executable in the PATH variable and rerun Innovus.
Create and set the environment variable TMPDIR to /tmp/innovus_temp_76019_EDA203
5_EDA_iyD4JC.

The soft stacksize limit is either up to the hard limit or larger than 0.2% of R
AM. No change is needed.

**INFO:  MMMC transition support version v31-84

innovus 1> source /tmp/hipilot-EDA/exec/hipilot_exec_1771975110365.tcl
RTL2GDS_FLOW_TEST_START
innovus 2>













